Autosar/Bfx/src/Bfx_8bits.c:9:6:Bfx_SetBit_u8u8	8	static
Autosar/Bfx/src/Bfx_8bits.c:14:6:Bfx_ClrBit_u8u8	8	static
Autosar/Bfx/src/Bfx_8bits.c:19:6:Bfx_GetBit_u8u8_u8	8	static
Autosar/Bfx/src/Bfx_8bits.c:31:6:Bfx_SetBits_u8u8u8u8	16	static
Autosar/Bfx/src/Bfx_8bits.c:44:9:Bfx_GetBits_u8u8u8_u8	16	static
Autosar/Bfx/src/Bfx_8bits.c:51:6:Bfx_SetBitsMask_u8u8	8	static
Autosar/Bfx/src/Bfx_8bits.c:56:6:Bfx_ClrBitMask_u8u8	8	static
Autosar/Bfx/src/Bfx_8bits.c:61:6:Bfx_TstBitMask_u8u8_u8	8	static
Autosar/Bfx/src/Bfx_8bits.c:74:6:Bfx_TstBitLnMask_u8u8_u8	8	static
Autosar/Bfx/src/Bfx_8bits.c:87:6:Bfx_TstParityEven_u8_u8	16	static
Autosar/Bfx/src/Bfx_8bits.c:108:6:Bfx_ToggleBits_u8	8	static
Autosar/Bfx/src/Bfx_8bits.c:113:6:Bfx_ToggleBitMask_u8u8	8	static
Autosar/Bfx/src/Bfx_8bits.c:119:6:Bfx_ShiftBitRt_u8u8	8	static
Autosar/Bfx/src/Bfx_8bits.c:132:6:Bfx_ShiftBitLt_u8u8	8	static
Autosar/Bfx/src/Bfx_8bits.c:144:6:Bfx_RotBitRt_u8u8	8	static
Autosar/Bfx/src/Bfx_8bits.c:152:6:Bfx_RotBitLt_u8u8	8	static
Autosar/Bfx/src/Bfx_8bits.c:160:6:Bfx_CopyBit_u8u8u8u8	16	static
Autosar/Bfx/src/Bfx_8bits.c:168:6:Bfx_PutBits_u8u8u8u8	16	static
Autosar/Bfx/src/Bfx_8bits.c:177:6:Bfx_PutBitsMask_u8u8u8	8	static
Autosar/Bfx/src/Bfx_8bits.c:182:6:Bfx_PutBit_u8u8u8	16	static
Autosar/Bfx/src/Bfx_8bits.c:195:9:Bfx_ShiftBitSat_u8s8_u8	16	static
Autosar/Bfx/src/Bfx_8bits.c:232:8:Bfx_ShiftBitSat_s8s8_s8	16	static
Autosar/Bfx/src/Bfx_8bits.c:269:9:Bfx_CountLeadingOnes_u8	16	static
Autosar/Bfx/src/Bfx_8bits.c:285:9:Bfx_CountLeadingSigns_u8	16	static
Autosar/Bfx/src/Bfx_8bits.c:300:9:Bfx_CountLeadingZeros_u8	16	static
