Autosar/Mcal/Base/include/Devassert.h:85:20:DevAssert	8	static
Autosar/Mcal/Port/src/Port_Ci_Port_Ip.c:193:15:Port_Ci_Port_Ip_GetAdcInterleaveVal	24	static
Autosar/Mcal/Port/src/Port_Ci_Port_Ip.c:265:25:Port_Ci_Port_Ip_ConfigureInterleave	40	static
Autosar/Mcal/Port/src/Port_Ci_Port_Ip.c:299:13:Port_Ci_Port_Ip_PinInit	32	static
Autosar/Mcal/Port/src/Port_Ci_Port_Ip.c:423:32:Port_Ci_Port_Ip_Init	24	static
Autosar/Mcal/Port/src/Port_Ci_Port_Ip.c:446:6:Port_Ci_Port_Ip_SetMuxModeSel	32	static
Autosar/Mcal/Port/src/Port_Ci_Port_Ip.c:482:6:Port_Ci_Port_Ip_EnableDigitalFilter	16	static
Autosar/Mcal/Port/src/Port_Ci_Port_Ip.c:502:6:Port_Ci_Port_Ip_DisableDigitalFilter	16	static
Autosar/Mcal/Port/src/Port_Ci_Port_Ip.c:522:6:Port_Ci_Port_Ip_ConfigDigitalFilter	16	static
Autosar/Mcal/Port/src/Port_Ci_Port_Ip.c:542:6:Port_Ci_Port_Ip_SetGlobalPinControl	32	static
